// Vitest Snapshot v1, https://vitest.dev/guide/snapshot.html

exports[`snapshot test > 12 1`] = `"[object Undefined]"`;
